../Core/Src/main.c:103:5:main	32	static
../Core/Src/main.c:209:6:SystemClock_Config	88	static
../Core/Src/main.c:253:13:MX_ADC1_Init	24	static
../Core/Src/main.c:303:13:MX_USART3_UART_Init	8	static
../Core/Src/main.c:334:13:MX_DMA_Init	16	static
../Core/Src/main.c:352:13:MX_GPIO_Init	40	static
../Core/Src/main.c:380:6:ESP_INIT	24	static
../Core/Src/main.c:414:6:ESP_Check_AT	24	static
../Core/Src/main.c:424:6:ESP_AT_Send	32	static
../Core/Src/main.c:455:6:Error_Handler	4	static,ignoring_inline_asm
